mode: set
github.com/enthus-golang/gowsdl/pkg/testing/fixture_runner.go:36.40,42.2 1 1
github.com/enthus-golang/gowsdl/pkg/testing/fixture_runner.go:45.65,48.67 2 1
github.com/enthus-golang/gowsdl/pkg/testing/fixture_runner.go:48.67,50.3 1 1
github.com/enthus-golang/gowsdl/pkg/testing/fixture_runner.go:53.2,54.62 2 1
github.com/enthus-golang/gowsdl/pkg/testing/fixture_runner.go:54.62,56.3 1 0
github.com/enthus-golang/gowsdl/pkg/testing/fixture_runner.go:58.2,58.12 1 1
github.com/enthus-golang/gowsdl/pkg/testing/fixture_runner.go:62.71,64.16 2 1
github.com/enthus-golang/gowsdl/pkg/testing/fixture_runner.go:64.16,65.25 1 1
github.com/enthus-golang/gowsdl/pkg/testing/fixture_runner.go:65.25,67.4 1 1
github.com/enthus-golang/gowsdl/pkg/testing/fixture_runner.go:68.3,68.13 1 0
github.com/enthus-golang/gowsdl/pkg/testing/fixture_runner.go:72.2,73.32 2 1
github.com/enthus-golang/gowsdl/pkg/testing/fixture_runner.go:73.32,74.20 1 1
github.com/enthus-golang/gowsdl/pkg/testing/fixture_runner.go:74.20,75.12 1 0
github.com/enthus-golang/gowsdl/pkg/testing/fixture_runner.go:78.3,84.60 6 1
github.com/enthus-golang/gowsdl/pkg/testing/fixture_runner.go:88.2,88.42 1 1
github.com/enthus-golang/gowsdl/pkg/testing/fixture_runner.go:88.42,94.30 2 1
github.com/enthus-golang/gowsdl/pkg/testing/fixture_runner.go:94.30,97.11 2 1
github.com/enthus-golang/gowsdl/pkg/testing/fixture_runner.go:98.42,99.33 1 1
github.com/enthus-golang/gowsdl/pkg/testing/fixture_runner.go:100.49,102.19 2 1
github.com/enthus-golang/gowsdl/pkg/testing/fixture_runner.go:102.19,104.6 1 0
github.com/enthus-golang/gowsdl/pkg/testing/fixture_runner.go:105.5,105.47 1 1
github.com/enthus-golang/gowsdl/pkg/testing/fixture_runner.go:106.52,108.19 2 1
github.com/enthus-golang/gowsdl/pkg/testing/fixture_runner.go:108.19,110.6 1 0
github.com/enthus-golang/gowsdl/pkg/testing/fixture_runner.go:111.5,111.71 1 1
github.com/enthus-golang/gowsdl/pkg/testing/fixture_runner.go:111.71,113.6 1 1
github.com/enthus-golang/gowsdl/pkg/testing/fixture_runner.go:118.3,118.92 1 1
github.com/enthus-golang/gowsdl/pkg/testing/fixture_runner.go:118.92,120.4 1 1
github.com/enthus-golang/gowsdl/pkg/testing/fixture_runner.go:123.2,123.12 1 1
github.com/enthus-golang/gowsdl/pkg/testing/fixture_runner.go:127.62,130.38 2 1
github.com/enthus-golang/gowsdl/pkg/testing/fixture_runner.go:130.38,132.17 2 1
github.com/enthus-golang/gowsdl/pkg/testing/fixture_runner.go:132.17,138.4 1 1
github.com/enthus-golang/gowsdl/pkg/testing/fixture_runner.go:139.3,139.36 1 1
github.com/enthus-golang/gowsdl/pkg/testing/fixture_runner.go:142.2,142.21 1 1
github.com/enthus-golang/gowsdl/pkg/testing/fixture_runner.go:157.86,169.16 4 1
github.com/enthus-golang/gowsdl/pkg/testing/fixture_runner.go:169.16,171.3 1 0
github.com/enthus-golang/gowsdl/pkg/testing/fixture_runner.go:174.2,175.16 2 1
github.com/enthus-golang/gowsdl/pkg/testing/fixture_runner.go:175.16,177.3 1 1
github.com/enthus-golang/gowsdl/pkg/testing/fixture_runner.go:187.2,192.16 4 1
github.com/enthus-golang/gowsdl/pkg/testing/fixture_runner.go:192.16,194.3 1 0
github.com/enthus-golang/gowsdl/pkg/testing/fixture_runner.go:196.2,199.20 3 1
github.com/enthus-golang/gowsdl/pkg/testing/fixture_runner.go:204.78,208.28 1 1
github.com/enthus-golang/gowsdl/pkg/testing/fixture_runner.go:208.28,211.14 2 1
github.com/enthus-golang/gowsdl/pkg/testing/fixture_runner.go:211.14,214.4 1 1
github.com/enthus-golang/gowsdl/pkg/testing/fixture_runner.go:216.3,217.10 2 1
github.com/enthus-golang/gowsdl/pkg/testing/fixture_runner.go:217.10,220.4 1 1
github.com/enthus-golang/gowsdl/pkg/testing/fixture_runner.go:222.3,230.49 1 1
github.com/enthus-golang/gowsdl/pkg/testing/fixture_runner.go:234.2,242.18 1 1
github.com/enthus-golang/gowsdl/pkg/testing/fixture_runner.go:246.58,248.2 1 1
github.com/enthus-golang/gowsdl/pkg/testing/fixture_runner.go:251.61,253.2 1 1
github.com/enthus-golang/gowsdl/pkg/testing/soap_capture.go:59.36,64.2 1 1
github.com/enthus-golang/gowsdl/pkg/testing/soap_capture.go:67.77,75.38 2 1
github.com/enthus-golang/gowsdl/pkg/testing/soap_capture.go:75.38,77.3 1 1
github.com/enthus-golang/gowsdl/pkg/testing/soap_capture.go:80.2,80.21 1 1
github.com/enthus-golang/gowsdl/pkg/testing/soap_capture.go:80.21,82.17 2 1
github.com/enthus-golang/gowsdl/pkg/testing/soap_capture.go:82.17,84.4 1 1
github.com/enthus-golang/gowsdl/pkg/testing/soap_capture.go:85.3,88.60 2 1
github.com/enthus-golang/gowsdl/pkg/testing/soap_capture.go:88.60,90.4 1 1
github.com/enthus-golang/gowsdl/pkg/testing/soap_capture.go:93.3,93.54 1 1
github.com/enthus-golang/gowsdl/pkg/testing/soap_capture.go:96.2,108.26 6 1
github.com/enthus-golang/gowsdl/pkg/testing/soap_capture.go:112.71,114.66 2 1
github.com/enthus-golang/gowsdl/pkg/testing/soap_capture.go:114.66,116.3 1 1
github.com/enthus-golang/gowsdl/pkg/testing/soap_capture.go:118.2,121.8 1 1
github.com/enthus-golang/gowsdl/pkg/testing/soap_capture.go:125.58,129.27 3 1
github.com/enthus-golang/gowsdl/pkg/testing/soap_capture.go:129.27,131.3 1 1
github.com/enthus-golang/gowsdl/pkg/testing/soap_capture.go:132.2,132.41 1 1
github.com/enthus-golang/gowsdl/pkg/testing/soap_capture.go:136.46,140.2 3 1
github.com/enthus-golang/gowsdl/pkg/testing/soap_capture.go:143.32,148.2 4 1
github.com/enthus-golang/gowsdl/pkg/testing/validation_rules.go:35.34,48.2 7 1
github.com/enthus-golang/gowsdl/pkg/testing/validation_rules.go:51.52,53.2 1 1
github.com/enthus-golang/gowsdl/pkg/testing/validation_rules.go:56.82,59.32 2 1
github.com/enthus-golang/gowsdl/pkg/testing/validation_rules.go:59.32,62.3 2 1
github.com/enthus-golang/gowsdl/pkg/testing/validation_rules.go:64.2,64.19 1 1
github.com/enthus-golang/gowsdl/pkg/testing/validation_rules.go:70.49,72.2 1 1
github.com/enthus-golang/gowsdl/pkg/testing/validation_rules.go:74.56,76.2 1 0
github.com/enthus-golang/gowsdl/pkg/testing/validation_rules.go:78.90,81.20 2 1
github.com/enthus-golang/gowsdl/pkg/testing/validation_rules.go:81.20,83.3 1 1
github.com/enthus-golang/gowsdl/pkg/testing/validation_rules.go:86.2,87.66 2 1
github.com/enthus-golang/gowsdl/pkg/testing/validation_rules.go:87.66,95.3 2 1
github.com/enthus-golang/gowsdl/pkg/testing/validation_rules.go:97.2,100.46 2 1
github.com/enthus-golang/gowsdl/pkg/testing/validation_rules.go:100.46,108.3 1 1
github.com/enthus-golang/gowsdl/pkg/testing/validation_rules.go:111.2,111.43 1 1
github.com/enthus-golang/gowsdl/pkg/testing/validation_rules.go:111.43,119.3 1 1
github.com/enthus-golang/gowsdl/pkg/testing/validation_rules.go:121.2,121.19 1 1
github.com/enthus-golang/gowsdl/pkg/testing/validation_rules.go:127.43,129.2 1 1
github.com/enthus-golang/gowsdl/pkg/testing/validation_rules.go:131.50,133.2 1 0
github.com/enthus-golang/gowsdl/pkg/testing/validation_rules.go:135.84,138.25 2 1
github.com/enthus-golang/gowsdl/pkg/testing/validation_rules.go:138.25,140.3 1 1
github.com/enthus-golang/gowsdl/pkg/testing/validation_rules.go:143.2,144.66 2 1
github.com/enthus-golang/gowsdl/pkg/testing/validation_rules.go:144.66,152.3 2 1
github.com/enthus-golang/gowsdl/pkg/testing/validation_rules.go:154.2,159.65 2 1
github.com/enthus-golang/gowsdl/pkg/testing/validation_rules.go:159.65,167.3 1 1
github.com/enthus-golang/gowsdl/pkg/testing/validation_rules.go:169.2,169.19 1 1
github.com/enthus-golang/gowsdl/pkg/testing/validation_rules.go:175.50,177.2 1 1
github.com/enthus-golang/gowsdl/pkg/testing/validation_rules.go:179.57,181.2 1 0
github.com/enthus-golang/gowsdl/pkg/testing/validation_rules.go:183.91,191.6 5 1
github.com/enthus-golang/gowsdl/pkg/testing/validation_rules.go:191.6,193.17 2 1
github.com/enthus-golang/gowsdl/pkg/testing/validation_rules.go:193.17,194.9 1 1
github.com/enthus-golang/gowsdl/pkg/testing/validation_rules.go:197.3,197.31 1 1
github.com/enthus-golang/gowsdl/pkg/testing/validation_rules.go:198.25,200.47 1 1
github.com/enthus-golang/gowsdl/pkg/testing/validation_rules.go:200.47,202.5 1 1
github.com/enthus-golang/gowsdl/pkg/testing/validation_rules.go:205.4,205.35 1 1
github.com/enthus-golang/gowsdl/pkg/testing/validation_rules.go:205.35,206.35 1 1
github.com/enthus-golang/gowsdl/pkg/testing/validation_rules.go:206.35,208.14 1 1
github.com/enthus-golang/gowsdl/pkg/testing/validation_rules.go:210.5,210.35 1 1
github.com/enthus-golang/gowsdl/pkg/testing/validation_rules.go:210.35,213.6 1 1
github.com/enthus-golang/gowsdl/pkg/testing/validation_rules.go:213.11,213.37 1 1
github.com/enthus-golang/gowsdl/pkg/testing/validation_rules.go:213.37,216.6 1 1
github.com/enthus-golang/gowsdl/pkg/testing/validation_rules.go:222.2,222.35 1 1
github.com/enthus-golang/gowsdl/pkg/testing/validation_rules.go:222.35,223.42 1 1
github.com/enthus-golang/gowsdl/pkg/testing/validation_rules.go:223.42,224.12 1 0
github.com/enthus-golang/gowsdl/pkg/testing/validation_rules.go:227.3,227.32 1 1
github.com/enthus-golang/gowsdl/pkg/testing/validation_rules.go:227.32,235.4 1 1
github.com/enthus-golang/gowsdl/pkg/testing/validation_rules.go:238.2,238.19 1 1
github.com/enthus-golang/gowsdl/pkg/testing/validation_rules.go:244.42,246.2 1 1
github.com/enthus-golang/gowsdl/pkg/testing/validation_rules.go:248.49,250.2 1 0
github.com/enthus-golang/gowsdl/pkg/testing/validation_rules.go:252.83,256.91 2 1
github.com/enthus-golang/gowsdl/pkg/testing/validation_rules.go:256.91,264.3 1 1
github.com/enthus-golang/gowsdl/pkg/testing/validation_rules.go:267.2,267.83 1 1
github.com/enthus-golang/gowsdl/pkg/testing/validation_rules.go:267.83,275.3 1 1
github.com/enthus-golang/gowsdl/pkg/testing/validation_rules.go:278.2,278.77 1 1
github.com/enthus-golang/gowsdl/pkg/testing/validation_rules.go:278.77,286.3 1 1
github.com/enthus-golang/gowsdl/pkg/testing/validation_rules.go:288.2,288.19 1 1
github.com/enthus-golang/gowsdl/pkg/testing/validation_rules.go:294.46,296.2 1 1
github.com/enthus-golang/gowsdl/pkg/testing/validation_rules.go:298.53,300.2 1 0
github.com/enthus-golang/gowsdl/pkg/testing/validation_rules.go:302.87,310.66 3 1
github.com/enthus-golang/gowsdl/pkg/testing/validation_rules.go:310.66,312.24 2 1
github.com/enthus-golang/gowsdl/pkg/testing/validation_rules.go:312.24,320.4 1 1
github.com/enthus-golang/gowsdl/pkg/testing/validation_rules.go:323.2,323.19 1 1
github.com/enthus-golang/gowsdl/pkg/testing/xml_comparator.go:37.40,43.2 1 1
github.com/enthus-golang/gowsdl/pkg/testing/xml_comparator.go:46.86,54.16 3 1
github.com/enthus-golang/gowsdl/pkg/testing/xml_comparator.go:54.16,56.3 1 0
github.com/enthus-golang/gowsdl/pkg/testing/xml_comparator.go:58.2,59.16 2 1
github.com/enthus-golang/gowsdl/pkg/testing/xml_comparator.go:59.16,61.3 1 0
github.com/enthus-golang/gowsdl/pkg/testing/xml_comparator.go:64.2,65.16 2 1
github.com/enthus-golang/gowsdl/pkg/testing/xml_comparator.go:65.16,67.3 1 0
github.com/enthus-golang/gowsdl/pkg/testing/xml_comparator.go:69.2,70.16 2 1
github.com/enthus-golang/gowsdl/pkg/testing/xml_comparator.go:70.16,72.3 1 0
github.com/enthus-golang/gowsdl/pkg/testing/xml_comparator.go:75.2,79.20 4 1
github.com/enthus-golang/gowsdl/pkg/testing/xml_comparator.go:83.70,84.25 1 1
github.com/enthus-golang/gowsdl/pkg/testing/xml_comparator.go:84.25,89.3 3 1
github.com/enthus-golang/gowsdl/pkg/testing/xml_comparator.go:91.2,91.20 1 1
github.com/enthus-golang/gowsdl/pkg/testing/xml_comparator.go:95.84,106.2 2 1
github.com/enthus-golang/gowsdl/pkg/testing/xml_comparator.go:109.109,117.30 4 1
github.com/enthus-golang/gowsdl/pkg/testing/xml_comparator.go:117.30,125.3 1 1
github.com/enthus-golang/gowsdl/pkg/testing/xml_comparator.go:127.2,127.14 1 1
github.com/enthus-golang/gowsdl/pkg/testing/xml_comparator.go:131.98,134.16 2 1
github.com/enthus-golang/gowsdl/pkg/testing/xml_comparator.go:134.16,136.3 1 0
github.com/enthus-golang/gowsdl/pkg/testing/xml_comparator.go:139.2,140.16 2 1
github.com/enthus-golang/gowsdl/pkg/testing/xml_comparator.go:140.16,142.3 1 0
github.com/enthus-golang/gowsdl/pkg/testing/xml_comparator.go:144.2,145.16 2 1
github.com/enthus-golang/gowsdl/pkg/testing/xml_comparator.go:145.16,147.3 1 0
github.com/enthus-golang/gowsdl/pkg/testing/xml_comparator.go:150.2,154.20 4 1
github.com/enthus-golang/gowsdl/pkg/testing/xml_comparator.go:158.82,160.65 2 1
github.com/enthus-golang/gowsdl/pkg/testing/xml_comparator.go:160.65,162.3 1 0
github.com/enthus-golang/gowsdl/pkg/testing/xml_comparator.go:163.2,163.23 1 1
github.com/enthus-golang/gowsdl/pkg/testing/xml_comparator.go:167.92,174.32 4 1
github.com/enthus-golang/gowsdl/pkg/testing/xml_comparator.go:174.32,182.3 1 1
github.com/enthus-golang/gowsdl/pkg/testing/xml_comparator.go:184.2,184.14 1 1
github.com/enthus-golang/gowsdl/pkg/testing/xml_comparator.go:188.59,190.66 2 1
github.com/enthus-golang/gowsdl/pkg/testing/xml_comparator.go:190.66,192.3 1 0
github.com/enthus-golang/gowsdl/pkg/testing/xml_comparator.go:195.2,200.23 4 1
github.com/enthus-golang/gowsdl/pkg/testing/xml_comparator.go:200.23,202.3 1 1
github.com/enthus-golang/gowsdl/pkg/testing/xml_comparator.go:204.2,204.74 1 0
