mode: set
github.com/enthus-golang/gowsdl/pkg/generator/generator.go:45.37,46.34 1 1
github.com/enthus-golang/gowsdl/pkg/generator/generator.go:46.34,48.16 2 1
github.com/enthus-golang/gowsdl/pkg/generator/generator.go:48.16,50.4 1 0
github.com/enthus-golang/gowsdl/pkg/generator/generator.go:51.3,52.13 2 1
github.com/enthus-golang/gowsdl/pkg/generator/generator.go:57.52,58.34 1 1
github.com/enthus-golang/gowsdl/pkg/generator/generator.go:58.34,61.3 2 1
github.com/enthus-golang/gowsdl/pkg/generator/generator.go:65.28,66.34 1 1
github.com/enthus-golang/gowsdl/pkg/generator/generator.go:66.34,69.3 2 1
github.com/enthus-golang/gowsdl/pkg/generator/generator.go:73.45,74.34 1 1
github.com/enthus-golang/gowsdl/pkg/generator/generator.go:74.34,75.13 1 1
github.com/enthus-golang/gowsdl/pkg/generator/generator.go:75.13,77.4 1 1
github.com/enthus-golang/gowsdl/pkg/generator/generator.go:77.9,78.44 1 1
github.com/enthus-golang/gowsdl/pkg/generator/generator.go:78.44,78.57 1 0
github.com/enthus-golang/gowsdl/pkg/generator/generator.go:80.3,80.13 1 1
github.com/enthus-golang/gowsdl/pkg/generator/generator.go:85.49,86.34 1 1
github.com/enthus-golang/gowsdl/pkg/generator/generator.go:86.34,89.3 2 1
github.com/enthus-golang/gowsdl/pkg/generator/generator.go:93.59,95.16 2 1
github.com/enthus-golang/gowsdl/pkg/generator/generator.go:95.16,97.3 1 0
github.com/enthus-golang/gowsdl/pkg/generator/generator.go:99.2,102.44 1 1
github.com/enthus-golang/gowsdl/pkg/generator/generator.go:102.44,102.57 1 0
github.com/enthus-golang/gowsdl/pkg/generator/generator.go:107.2,107.27 1 1
github.com/enthus-golang/gowsdl/pkg/generator/generator.go:107.27,108.32 1 1
github.com/enthus-golang/gowsdl/pkg/generator/generator.go:108.32,110.4 1 0
github.com/enthus-golang/gowsdl/pkg/generator/generator.go:113.2,113.15 1 1
github.com/enthus-golang/gowsdl/pkg/generator/generator.go:117.78,118.41 1 1
github.com/enthus-golang/gowsdl/pkg/generator/generator.go:118.41,120.3 1 1
github.com/enthus-golang/gowsdl/pkg/generator/generator.go:123.2,124.46 2 1
github.com/enthus-golang/gowsdl/pkg/generator/generator.go:124.46,126.3 1 1
github.com/enthus-golang/gowsdl/pkg/generator/generator.go:126.8,126.26 1 1
github.com/enthus-golang/gowsdl/pkg/generator/generator.go:126.26,128.3 1 1
github.com/enthus-golang/gowsdl/pkg/generator/generator.go:130.2,130.33 1 1
github.com/enthus-golang/gowsdl/pkg/generator/generator.go:130.33,132.3 1 1
github.com/enthus-golang/gowsdl/pkg/generator/generator.go:134.2,134.28 1 1
github.com/enthus-golang/gowsdl/pkg/generator/generator.go:137.82,145.22 5 1
github.com/enthus-golang/gowsdl/pkg/generator/generator.go:145.22,147.3 1 1
github.com/enthus-golang/gowsdl/pkg/generator/generator.go:148.2,153.12 3 1
github.com/enthus-golang/gowsdl/pkg/generator/generator.go:153.12,155.45 2 1
github.com/enthus-golang/gowsdl/pkg/generator/generator.go:155.45,157.4 1 0
github.com/enthus-golang/gowsdl/pkg/generator/generator.go:157.9,161.4 3 1
github.com/enthus-golang/gowsdl/pkg/generator/generator.go:164.2,164.12 1 1
github.com/enthus-golang/gowsdl/pkg/generator/generator.go:164.12,166.44 2 1
github.com/enthus-golang/gowsdl/pkg/generator/generator.go:166.44,168.4 1 0
github.com/enthus-golang/gowsdl/pkg/generator/generator.go:168.9,172.4 3 1
github.com/enthus-golang/gowsdl/pkg/generator/generator.go:175.2,175.12 1 1
github.com/enthus-golang/gowsdl/pkg/generator/generator.go:175.12,177.49 2 1
github.com/enthus-golang/gowsdl/pkg/generator/generator.go:177.49,179.4 1 0
github.com/enthus-golang/gowsdl/pkg/generator/generator.go:179.9,183.4 3 1
github.com/enthus-golang/gowsdl/pkg/generator/generator.go:187.2,187.22 1 1
github.com/enthus-golang/gowsdl/pkg/generator/generator.go:187.22,188.13 1 1
github.com/enthus-golang/gowsdl/pkg/generator/generator.go:188.13,190.46 2 1
github.com/enthus-golang/gowsdl/pkg/generator/generator.go:190.46,192.5 1 0
github.com/enthus-golang/gowsdl/pkg/generator/generator.go:192.10,196.5 3 1
github.com/enthus-golang/gowsdl/pkg/generator/generator.go:199.3,199.13 1 1
github.com/enthus-golang/gowsdl/pkg/generator/generator.go:199.13,201.52 2 1
github.com/enthus-golang/gowsdl/pkg/generator/generator.go:201.52,203.5 1 0
github.com/enthus-golang/gowsdl/pkg/generator/generator.go:203.10,207.5 3 1
github.com/enthus-golang/gowsdl/pkg/generator/generator.go:210.3,210.13 1 1
github.com/enthus-golang/gowsdl/pkg/generator/generator.go:210.13,212.53 2 1
github.com/enthus-golang/gowsdl/pkg/generator/generator.go:212.53,214.5 1 0
github.com/enthus-golang/gowsdl/pkg/generator/generator.go:214.10,218.5 3 1
github.com/enthus-golang/gowsdl/pkg/generator/generator.go:222.2,226.27 3 1
github.com/enthus-golang/gowsdl/pkg/generator/generator.go:226.27,228.3 1 0
github.com/enthus-golang/gowsdl/pkg/generator/generator.go:230.2,230.20 1 1
github.com/enthus-golang/gowsdl/pkg/generator/generator.go:233.58,235.16 2 1
github.com/enthus-golang/gowsdl/pkg/generator/generator.go:235.16,241.3 1 1
github.com/enthus-golang/gowsdl/pkg/generator/generator.go:242.2,246.16 3 1
github.com/enthus-golang/gowsdl/pkg/generator/generator.go:246.16,252.3 1 1
github.com/enthus-golang/gowsdl/pkg/generator/generator.go:253.2,256.22 2 1
github.com/enthus-golang/gowsdl/pkg/generator/generator.go:256.22,259.17 3 1
github.com/enthus-golang/gowsdl/pkg/generator/generator.go:259.17,265.4 1 0
github.com/enthus-golang/gowsdl/pkg/generator/generator.go:266.8,269.17 3 1
github.com/enthus-golang/gowsdl/pkg/generator/generator.go:269.17,275.4 1 1
github.com/enthus-golang/gowsdl/pkg/generator/generator.go:278.2,278.12 1 1
github.com/enthus-golang/gowsdl/pkg/generator/generator.go:281.88,282.19 1 1
github.com/enthus-golang/gowsdl/pkg/generator/generator.go:282.19,284.3 1 1
github.com/enthus-golang/gowsdl/pkg/generator/generator.go:285.2,285.56 1 0
github.com/enthus-golang/gowsdl/pkg/generator/generator.go:289.49,292.16 3 1
github.com/enthus-golang/gowsdl/pkg/generator/generator.go:292.16,294.3 1 0
github.com/enthus-golang/gowsdl/pkg/generator/generator.go:296.2,297.50 2 1
github.com/enthus-golang/gowsdl/pkg/generator/generator.go:297.50,299.3 1 0
github.com/enthus-golang/gowsdl/pkg/generator/generator.go:301.2,301.25 1 1
github.com/enthus-golang/gowsdl/pkg/generator/generator.go:304.48,312.46 4 1
github.com/enthus-golang/gowsdl/pkg/generator/generator.go:312.46,314.3 1 1
github.com/enthus-golang/gowsdl/pkg/generator/generator.go:314.8,314.26 1 1
github.com/enthus-golang/gowsdl/pkg/generator/generator.go:314.26,316.3 1 1
github.com/enthus-golang/gowsdl/pkg/generator/generator.go:318.2,318.33 1 1
github.com/enthus-golang/gowsdl/pkg/generator/generator.go:318.33,319.33 1 1
github.com/enthus-golang/gowsdl/pkg/generator/generator.go:319.33,320.43 1 1
github.com/enthus-golang/gowsdl/pkg/generator/generator.go:320.43,322.5 1 1
github.com/enthus-golang/gowsdl/pkg/generator/generator.go:327.2,327.56 1 1
github.com/enthus-golang/gowsdl/pkg/generator/generator.go:327.56,329.56 1 1
github.com/enthus-golang/gowsdl/pkg/generator/generator.go:329.56,331.4 1 1
github.com/enthus-golang/gowsdl/pkg/generator/generator.go:332.3,332.34 1 1
github.com/enthus-golang/gowsdl/pkg/generator/generator.go:336.2,347.19 2 1
github.com/enthus-golang/gowsdl/pkg/generator/generator.go:347.19,349.3 1 1
github.com/enthus-golang/gowsdl/pkg/generator/generator.go:351.2,354.33 2 1
github.com/enthus-golang/gowsdl/pkg/generator/generator.go:354.33,355.65 1 1
github.com/enthus-golang/gowsdl/pkg/generator/generator.go:355.65,357.4 1 1
github.com/enthus-golang/gowsdl/pkg/generator/generator.go:358.3,358.31 1 1
github.com/enthus-golang/gowsdl/pkg/generator/generator.go:358.31,360.4 1 0
github.com/enthus-golang/gowsdl/pkg/generator/generator.go:361.3,361.33 1 1
github.com/enthus-golang/gowsdl/pkg/generator/generator.go:361.33,363.4 1 1
github.com/enthus-golang/gowsdl/pkg/generator/generator.go:364.3,364.29 1 1
github.com/enthus-golang/gowsdl/pkg/generator/generator.go:364.29,366.4 1 1
github.com/enthus-golang/gowsdl/pkg/generator/generator.go:370.2,374.48 3 1
github.com/enthus-golang/gowsdl/pkg/generator/generator.go:374.48,378.3 2 1
github.com/enthus-golang/gowsdl/pkg/generator/generator.go:381.2,381.74 1 1
github.com/enthus-golang/gowsdl/pkg/generator/generator.go:381.74,382.55 1 1
github.com/enthus-golang/gowsdl/pkg/generator/generator.go:382.55,384.4 1 1
github.com/enthus-golang/gowsdl/pkg/generator/generator.go:385.3,385.12 1 0
github.com/enthus-golang/gowsdl/pkg/generator/generator.go:389.2,389.75 1 1
github.com/enthus-golang/gowsdl/pkg/generator/generator.go:389.75,390.97 1 1
github.com/enthus-golang/gowsdl/pkg/generator/generator.go:390.97,393.4 2 1
github.com/enthus-golang/gowsdl/pkg/generator/generator.go:394.3,394.15 1 1
github.com/enthus-golang/gowsdl/pkg/generator/generator.go:398.2,401.16 3 1
github.com/enthus-golang/gowsdl/pkg/generator/generator.go:401.16,403.3 1 0
github.com/enthus-golang/gowsdl/pkg/generator/generator.go:405.2,407.49 2 1
github.com/enthus-golang/gowsdl/pkg/generator/generator.go:407.49,409.3 1 0
github.com/enthus-golang/gowsdl/pkg/generator/generator.go:411.2,411.25 1 1
github.com/enthus-golang/gowsdl/pkg/generator/generator.go:414.53,421.46 4 1
github.com/enthus-golang/gowsdl/pkg/generator/generator.go:421.46,424.3 2 1
github.com/enthus-golang/gowsdl/pkg/generator/generator.go:424.8,424.26 1 1
github.com/enthus-golang/gowsdl/pkg/generator/generator.go:424.26,427.3 2 1
github.com/enthus-golang/gowsdl/pkg/generator/generator.go:427.8,429.3 1 0
github.com/enthus-golang/gowsdl/pkg/generator/generator.go:431.2,432.16 2 1
github.com/enthus-golang/gowsdl/pkg/generator/generator.go:432.16,434.3 1 0
github.com/enthus-golang/gowsdl/pkg/generator/generator.go:436.2,437.49 2 1
github.com/enthus-golang/gowsdl/pkg/generator/generator.go:437.49,439.3 1 0
github.com/enthus-golang/gowsdl/pkg/generator/generator.go:441.2,441.25 1 1
github.com/enthus-golang/gowsdl/pkg/generator/generator.go:444.49,451.46 4 1
github.com/enthus-golang/gowsdl/pkg/generator/generator.go:451.46,454.3 2 1
github.com/enthus-golang/gowsdl/pkg/generator/generator.go:454.8,454.26 1 1
github.com/enthus-golang/gowsdl/pkg/generator/generator.go:454.26,457.3 2 1
github.com/enthus-golang/gowsdl/pkg/generator/generator.go:457.8,459.3 1 0
github.com/enthus-golang/gowsdl/pkg/generator/generator.go:461.2,462.16 2 1
github.com/enthus-golang/gowsdl/pkg/generator/generator.go:462.16,464.3 1 0
github.com/enthus-golang/gowsdl/pkg/generator/generator.go:466.2,467.49 2 1
github.com/enthus-golang/gowsdl/pkg/generator/generator.go:467.49,469.3 1 0
github.com/enthus-golang/gowsdl/pkg/generator/generator.go:471.2,471.25 1 1
github.com/enthus-golang/gowsdl/pkg/generator/generator.go:474.55,477.16 3 1
github.com/enthus-golang/gowsdl/pkg/generator/generator.go:477.16,479.3 1 0
github.com/enthus-golang/gowsdl/pkg/generator/generator.go:481.2,482.50 2 1
github.com/enthus-golang/gowsdl/pkg/generator/generator.go:482.50,484.3 1 0
github.com/enthus-golang/gowsdl/pkg/generator/generator.go:486.2,486.25 1 1
github.com/enthus-golang/gowsdl/pkg/generator/generator.go:489.72,492.16 2 1
github.com/enthus-golang/gowsdl/pkg/generator/generator.go:492.16,494.3 1 0
github.com/enthus-golang/gowsdl/pkg/generator/generator.go:496.2,498.16 3 1
github.com/enthus-golang/gowsdl/pkg/generator/generator.go:498.16,500.3 1 0
github.com/enthus-golang/gowsdl/pkg/generator/generator.go:502.2,503.64 2 1
github.com/enthus-golang/gowsdl/pkg/generator/generator.go:503.64,505.3 1 0
github.com/enthus-golang/gowsdl/pkg/generator/generator.go:507.2,507.25 1 1
github.com/enthus-golang/gowsdl/pkg/generator/generator.go:511.54,530.2 1 1
github.com/enthus-golang/gowsdl/pkg/generator/generator.go:533.44,534.22 1 1
github.com/enthus-golang/gowsdl/pkg/generator/generator.go:534.22,536.3 1 1
github.com/enthus-golang/gowsdl/pkg/generator/generator.go:537.2,537.57 1 1
github.com/enthus-golang/gowsdl/pkg/generator/generator.go:540.34,542.29 2 1
github.com/enthus-golang/gowsdl/pkg/generator/generator.go:542.29,544.3 1 1
github.com/enthus-golang/gowsdl/pkg/generator/generator.go:545.2,545.34 1 1
github.com/enthus-golang/gowsdl/pkg/generator/generator.go:548.47,550.2 1 1
github.com/enthus-golang/gowsdl/pkg/generator/generator.go:552.48,554.20 2 1
github.com/enthus-golang/gowsdl/pkg/generator/generator.go:554.20,556.3 1 1
github.com/enthus-golang/gowsdl/pkg/generator/generator.go:557.2,557.13 1 1
github.com/enthus-golang/gowsdl/pkg/generator/generator.go:560.53,561.23 1 1
github.com/enthus-golang/gowsdl/pkg/generator/generator.go:561.23,563.3 1 1
github.com/enthus-golang/gowsdl/pkg/generator/generator.go:564.2,564.31 1 1
github.com/enthus-golang/gowsdl/pkg/generator/generator.go:567.32,569.2 1 1
github.com/enthus-golang/gowsdl/pkg/generator/generator.go:572.41,574.13 1 1
github.com/enthus-golang/gowsdl/pkg/generator/generator.go:574.13,576.3 1 1
github.com/enthus-golang/gowsdl/pkg/generator/generator.go:579.2,600.13 17 1
github.com/enthus-golang/gowsdl/pkg/generator/generator.go:600.13,602.3 1 1
github.com/enthus-golang/gowsdl/pkg/generator/generator.go:604.2,604.10 1 1
github.com/enthus-golang/gowsdl/pkg/generator/generator.go:609.69,610.16 1 1
github.com/enthus-golang/gowsdl/pkg/generator/generator.go:610.16,612.3 1 1
github.com/enthus-golang/gowsdl/pkg/generator/generator.go:615.2,615.24 1 1
github.com/enthus-golang/gowsdl/pkg/generator/generator.go:615.24,617.3 1 1
github.com/enthus-golang/gowsdl/pkg/generator/generator.go:620.2,620.82 1 1
github.com/enthus-golang/gowsdl/pkg/generator/generator.go:620.82,622.3 1 1
github.com/enthus-golang/gowsdl/pkg/generator/generator.go:624.2,624.14 1 1
github.com/enthus-golang/gowsdl/pkg/generator/generator.go:628.53,634.19 2 1
github.com/enthus-golang/gowsdl/pkg/generator/generator.go:634.19,635.39 1 1
github.com/enthus-golang/gowsdl/pkg/generator/generator.go:635.39,636.27 1 1
github.com/enthus-golang/gowsdl/pkg/generator/generator.go:636.27,638.33 1 1
github.com/enthus-golang/gowsdl/pkg/generator/generator.go:638.33,642.6 1 1
github.com/enthus-golang/gowsdl/pkg/generator/generator.go:644.5,644.27 1 1
github.com/enthus-golang/gowsdl/pkg/generator/generator.go:644.27,647.28 2 1
github.com/enthus-golang/gowsdl/pkg/generator/generator.go:647.28,649.7 1 1
github.com/enthus-golang/gowsdl/pkg/generator/generator.go:650.6,650.25 1 0
github.com/enthus-golang/gowsdl/pkg/generator/generator.go:650.25,653.7 1 0
github.com/enthus-golang/gowsdl/pkg/generator/generator.go:660.2,660.20 1 1
github.com/enthus-golang/gowsdl/pkg/generator/generator.go:660.20,663.3 1 1
github.com/enthus-golang/gowsdl/pkg/generator/generator.go:666.2,666.16 1 0
github.com/enthus-golang/gowsdl/pkg/generator/generator.go:669.71,670.19 1 1
github.com/enthus-golang/gowsdl/pkg/generator/generator.go:670.19,672.3 1 1
github.com/enthus-golang/gowsdl/pkg/generator/generator.go:675.2,675.41 1 1
github.com/enthus-golang/gowsdl/pkg/generator/generator.go:675.41,678.64 2 1
github.com/enthus-golang/gowsdl/pkg/generator/generator.go:678.64,680.4 1 1
github.com/enthus-golang/gowsdl/pkg/generator/generator.go:683.3,693.71 9 1
github.com/enthus-golang/gowsdl/pkg/generator/generator.go:693.71,695.42 1 1
github.com/enthus-golang/gowsdl/pkg/generator/generator.go:695.42,696.29 1 1
github.com/enthus-golang/gowsdl/pkg/generator/generator.go:696.29,698.6 1 1
github.com/enthus-golang/gowsdl/pkg/generator/generator.go:703.2,703.11 1 1
github.com/enthus-golang/gowsdl/pkg/generator/generator.go:706.49,709.46 2 1
github.com/enthus-golang/gowsdl/pkg/generator/generator.go:709.46,711.3 1 0
github.com/enthus-golang/gowsdl/pkg/generator/generator.go:711.8,711.26 1 1
github.com/enthus-golang/gowsdl/pkg/generator/generator.go:711.26,713.3 1 1
github.com/enthus-golang/gowsdl/pkg/generator/generator.go:715.2,715.33 1 1
github.com/enthus-golang/gowsdl/pkg/generator/generator.go:715.33,716.35 1 1
github.com/enthus-golang/gowsdl/pkg/generator/generator.go:716.35,718.4 1 1
github.com/enthus-golang/gowsdl/pkg/generator/generator.go:720.2,720.11 1 0
github.com/enthus-golang/gowsdl/pkg/generator/optional_complex.go:19.141,23.34 2 1
github.com/enthus-golang/gowsdl/pkg/generator/optional_complex.go:23.34,25.3 1 1
github.com/enthus-golang/gowsdl/pkg/generator/optional_complex.go:28.2,28.32 1 1
github.com/enthus-golang/gowsdl/pkg/generator/optional_complex.go:28.32,29.30 1 1
github.com/enthus-golang/gowsdl/pkg/generator/optional_complex.go:29.30,31.4 1 1
github.com/enthus-golang/gowsdl/pkg/generator/optional_complex.go:34.2,34.15 1 1
github.com/enthus-golang/gowsdl/pkg/generator/optional_complex.go:38.116,44.35 3 1
github.com/enthus-golang/gowsdl/pkg/generator/optional_complex.go:44.35,46.88 1 1
github.com/enthus-golang/gowsdl/pkg/generator/optional_complex.go:46.88,60.4 5 1
github.com/enthus-golang/gowsdl/pkg/generator/optional_complex.go:60.9,60.37 1 1
github.com/enthus-golang/gowsdl/pkg/generator/optional_complex.go:60.37,63.23 2 1
github.com/enthus-golang/gowsdl/pkg/generator/optional_complex.go:63.23,65.5 1 1
github.com/enthus-golang/gowsdl/pkg/generator/optional_complex.go:66.4,66.86 1 1
github.com/enthus-golang/gowsdl/pkg/generator/optional_complex.go:70.2,70.15 1 1
github.com/enthus-golang/gowsdl/pkg/generator/optional_complex.go:79.57,83.44 2 1
github.com/enthus-golang/gowsdl/pkg/generator/optional_complex.go:83.44,85.3 1 1
github.com/enthus-golang/gowsdl/pkg/generator/optional_complex.go:88.2,88.57 1 1
github.com/enthus-golang/gowsdl/pkg/generator/optional_complex.go:88.57,90.43 2 1
github.com/enthus-golang/gowsdl/pkg/generator/optional_complex.go:90.43,92.4 1 1
github.com/enthus-golang/gowsdl/pkg/generator/optional_complex.go:92.9,93.78 1 1
github.com/enthus-golang/gowsdl/pkg/generator/optional_complex.go:93.78,95.4 1 1
github.com/enthus-golang/gowsdl/pkg/generator/optional_complex.go:95.9,98.4 1 0
github.com/enthus-golang/gowsdl/pkg/generator/optional_complex.go:101.3,101.76 1 1
github.com/enthus-golang/gowsdl/pkg/generator/optional_complex.go:101.76,105.45 3 1
github.com/enthus-golang/gowsdl/pkg/generator/optional_complex.go:105.45,107.5 1 1
github.com/enthus-golang/gowsdl/pkg/generator/optional_complex.go:107.10,108.43 1 1
github.com/enthus-golang/gowsdl/pkg/generator/optional_complex.go:108.43,110.5 1 0
github.com/enthus-golang/gowsdl/pkg/generator/optional_complex.go:110.10,111.81 1 1
github.com/enthus-golang/gowsdl/pkg/generator/optional_complex.go:111.81,113.5 1 1
github.com/enthus-golang/gowsdl/pkg/generator/optional_complex.go:113.10,113.50 1 0
github.com/enthus-golang/gowsdl/pkg/generator/optional_complex.go:113.50,115.5 1 0
github.com/enthus-golang/gowsdl/pkg/generator/optional_complex.go:115.10,118.5 1 0
github.com/enthus-golang/gowsdl/pkg/generator/optional_complex.go:123.2,124.32 2 1
github.com/enthus-golang/gowsdl/pkg/generator/optional_complex.go:124.32,129.19 2 1
github.com/enthus-golang/gowsdl/pkg/generator/optional_complex.go:129.19,131.45 2 1
github.com/enthus-golang/gowsdl/pkg/generator/optional_complex.go:131.45,133.5 1 1
github.com/enthus-golang/gowsdl/pkg/generator/optional_complex.go:133.10,134.43 1 1
github.com/enthus-golang/gowsdl/pkg/generator/optional_complex.go:134.43,136.5 1 1
github.com/enthus-golang/gowsdl/pkg/generator/optional_complex.go:136.10,137.81 1 1
github.com/enthus-golang/gowsdl/pkg/generator/optional_complex.go:137.81,139.5 1 1
github.com/enthus-golang/gowsdl/pkg/generator/optional_complex.go:139.10,139.50 1 1
github.com/enthus-golang/gowsdl/pkg/generator/optional_complex.go:139.50,141.5 1 1
github.com/enthus-golang/gowsdl/pkg/generator/optional_complex.go:141.10,141.89 1 1
github.com/enthus-golang/gowsdl/pkg/generator/optional_complex.go:141.89,144.5 1 1
github.com/enthus-golang/gowsdl/pkg/generator/optional_complex.go:144.10,147.5 1 1
github.com/enthus-golang/gowsdl/pkg/generator/optional_complex.go:148.9,148.34 1 1
github.com/enthus-golang/gowsdl/pkg/generator/optional_complex.go:148.34,152.12 1 1
github.com/enthus-golang/gowsdl/pkg/generator/optional_complex.go:153.9,156.19 1 1
github.com/enthus-golang/gowsdl/pkg/generator/optional_complex.go:156.19,158.13 1 1
github.com/enthus-golang/gowsdl/pkg/generator/optional_complex.go:159.10,162.5 1 1
github.com/enthus-golang/gowsdl/pkg/generator/optional_complex.go:167.2,167.57 1 1
github.com/enthus-golang/gowsdl/pkg/generator/optional_complex.go:167.57,168.52 1 1
github.com/enthus-golang/gowsdl/pkg/generator/optional_complex.go:168.52,172.45 3 1
github.com/enthus-golang/gowsdl/pkg/generator/optional_complex.go:172.45,174.5 1 1
github.com/enthus-golang/gowsdl/pkg/generator/optional_complex.go:174.10,175.43 1 1
github.com/enthus-golang/gowsdl/pkg/generator/optional_complex.go:175.43,177.5 1 1
github.com/enthus-golang/gowsdl/pkg/generator/optional_complex.go:177.10,178.81 1 1
github.com/enthus-golang/gowsdl/pkg/generator/optional_complex.go:178.81,180.5 1 1
github.com/enthus-golang/gowsdl/pkg/generator/optional_complex.go:180.10,180.50 1 1
github.com/enthus-golang/gowsdl/pkg/generator/optional_complex.go:180.50,182.5 1 1
github.com/enthus-golang/gowsdl/pkg/generator/optional_complex.go:182.10,185.5 1 0
github.com/enthus-golang/gowsdl/pkg/generator/optional_complex.go:189.2,189.22 1 1
github.com/enthus-golang/gowsdl/pkg/generator/optional_complex.go:189.22,191.3 1 1
github.com/enthus-golang/gowsdl/pkg/generator/optional_complex.go:193.2,193.37 1 1
